MemTotal:       49550504 kB
MemFree:        47442424 kB
Buffers:           78628 kB
Cached:          1579756 kB
SwapCached:            0 kB
Active:          1434184 kB
Inactive:         458616 kB
Active(anon):    1322260 kB
Inactive(anon):        0 kB
Active(file):     111924 kB
Inactive(file):   458616 kB
Unevictable:           0 kB
Mlocked:               0 kB
SwapTotal:       9936160 kB
SwapFree:        9936160 kB
Dirty:                24 kB
Writeback:             0 kB
AnonPages:        234412 kB
Mapped:          1136896 kB
Slab:              63180 kB
SReclaimable:      38136 kB
SUnreclaim:        25044 kB
PageTables:        12128 kB
NFS_Unstable:          0 kB
Bounce:                0 kB
WritebackTmp:          0 kB
CommitLimit:    34711412 kB
Committed_AS:    2016820 kB
VmallocTotal:   34359738367 kB
VmallocUsed:      485816 kB
VmallocChunk:   34359229115 kB
HugePages_Total:       0
HugePages_Free:        0
HugePages_Rsvd:        0
HugePages_Surp:        0
Hugepagesize:       2048 kB
DirectMap4k:        8192 kB
DirectMap2M:     2080768 kB
DirectMap1G:    48234496 kB
